// Jest Snapshot v1, https://goo.gl/fbAQLP

exports[`Sorter component should match snapshot 1`] = `
Object {
  "asFragment": [Function],
  "baseElement": <body>
    <div>
      <div
        class="sc-bdnyFh buVxNE"
      >
        <h2
          class="sc-gtsqUy eVFUCm"
        >
          Ordenar por
        </h2>
        <div
          class="sc-dlniIP jVtyCL"
        >
          <select
            class="sc-hKFymg jPSSKg"
            name="select"
          >
            <option
              value="national_number"
            >
              Menor número primeiro
            </option>
            <option
              value="-national_number"
            >
              Maior número primeiro
            </option>
            <option
              value="name"
            >
              Ordem Alfabética
            </option>
            <option
              value="-name"
            >
              Ordem Alfabética Inversa
            </option>
          </select>
          <svg
            aria-hidden="true"
            class="svg-inline--fa fa-sort-down sc-eCAqax fNBNcE"
            data-icon="sort-down"
            data-prefix="fas"
            focusable="false"
            role="img"
            viewBox="0 0 320 512"
            xmlns="http://www.w3.org/2000/svg"
          >
            <path
              d="M182.6 470.6c-12.5 12.5-32.8 12.5-45.3 0l-128-128c-9.2-9.2-11.9-22.9-6.9-34.9s16.6-19.8 29.6-19.8H288c12.9 0 24.6 7.8 29.6 19.8s2.2 25.7-6.9 34.9l-128 128z"
              fill="currentColor"
            />
          </svg>
        </div>
      </div>
    </div>
  </body>,
  "container": <div>
    <div
      class="sc-bdnyFh buVxNE"
    >
      <h2
        class="sc-gtsqUy eVFUCm"
      >
        Ordenar por
      </h2>
      <div
        class="sc-dlniIP jVtyCL"
      >
        <select
          class="sc-hKFymg jPSSKg"
          name="select"
        >
          <option
            value="national_number"
          >
            Menor número primeiro
          </option>
          <option
            value="-national_number"
          >
            Maior número primeiro
          </option>
          <option
            value="name"
          >
            Ordem Alfabética
          </option>
          <option
            value="-name"
          >
            Ordem Alfabética Inversa
          </option>
        </select>
        <svg
          aria-hidden="true"
          class="svg-inline--fa fa-sort-down sc-eCAqax fNBNcE"
          data-icon="sort-down"
          data-prefix="fas"
          focusable="false"
          role="img"
          viewBox="0 0 320 512"
          xmlns="http://www.w3.org/2000/svg"
        >
          <path
            d="M182.6 470.6c-12.5 12.5-32.8 12.5-45.3 0l-128-128c-9.2-9.2-11.9-22.9-6.9-34.9s16.6-19.8 29.6-19.8H288c12.9 0 24.6 7.8 29.6 19.8s2.2 25.7-6.9 34.9l-128 128z"
            fill="currentColor"
          />
        </svg>
      </div>
    </div>
  </div>,
  "debug": [Function],
  "findAllByAltText": [Function],
  "findAllByDisplayValue": [Function],
  "findAllByLabelText": [Function],
  "findAllByPlaceholderText": [Function],
  "findAllByRole": [Function],
  "findAllByTestId": [Function],
  "findAllByText": [Function],
  "findAllByTitle": [Function],
  "findByAltText": [Function],
  "findByDisplayValue": [Function],
  "findByLabelText": [Function],
  "findByPlaceholderText": [Function],
  "findByRole": [Function],
  "findByTestId": [Function],
  "findByText": [Function],
  "findByTitle": [Function],
  "getAllByAltText": [Function],
  "getAllByDisplayValue": [Function],
  "getAllByLabelText": [Function],
  "getAllByPlaceholderText": [Function],
  "getAllByRole": [Function],
  "getAllByTestId": [Function],
  "getAllByText": [Function],
  "getAllByTitle": [Function],
  "getByAltText": [Function],
  "getByDisplayValue": [Function],
  "getByLabelText": [Function],
  "getByPlaceholderText": [Function],
  "getByRole": [Function],
  "getByTestId": [Function],
  "getByText": [Function],
  "getByTitle": [Function],
  "queryAllByAltText": [Function],
  "queryAllByDisplayValue": [Function],
  "queryAllByLabelText": [Function],
  "queryAllByPlaceholderText": [Function],
  "queryAllByRole": [Function],
  "queryAllByTestId": [Function],
  "queryAllByText": [Function],
  "queryAllByTitle": [Function],
  "queryByAltText": [Function],
  "queryByDisplayValue": [Function],
  "queryByLabelText": [Function],
  "queryByPlaceholderText": [Function],
  "queryByRole": [Function],
  "queryByTestId": [Function],
  "queryByText": [Function],
  "queryByTitle": [Function],
  "rerender": [Function],
  "unmount": [Function],
}
`;
